Archive member included to satisfy reference by file (symbol)

c:/program files/microchip/xc8/v2.31/avr/bin/../lib/gcc/avr/5.4.0/avr51/memx-const\libgcc.a(_udivmodhi4.o)
                              ADCLaser/ADCLaserIO.o (__udivmodhi4)
c:/program files/microchip/xc8/v2.31/avr/bin/../lib/gcc/avr/5.4.0/avr51/memx-const\libgcc.a(_exit.o)
                              C:/Program Files (x86)/Atmel/Studio/7.0/Packs/atmel/ATmega_DFP/1.6.364/xc8/avr/lib/avr51/memx-const/crtatmega128.o (exit)
c:/program files/microchip/xc8/v2.31/avr/bin/../lib/gcc/avr/5.4.0/avr51/memx-const\libgcc.a(_copy_data.o)
                              Keypad/Keypad.o (__do_copy_data)
c:/program files/microchip/xc8/v2.31/avr/bin/../lib/gcc/avr/5.4.0/avr51/memx-const\libgcc.a(_xload_2.o)
                              Keypad/Keypad.o (__xload_2)
c:/program files/microchip/xc8/v2.31/avr/bin/../lib/gcc/avr/5.4.0/avr51/memx-const\libgcc.a(_movmemx.o)
                              main.o (__movmemx_qi)

Allocating common symbols
Common symbol       size              file

msCount             0x2               Timer/Timer.o

Discarded input sections

 .data          0x0000000000000000        0x0 C:/Program Files (x86)/Atmel/Studio/7.0/Packs/atmel/ATmega_DFP/1.6.364/xc8/avr/lib/avr51/memx-const/crtatmega128.o
 .bss           0x0000000000000000        0x0 C:/Program Files (x86)/Atmel/Studio/7.0/Packs/atmel/ATmega_DFP/1.6.364/xc8/avr/lib/avr51/memx-const/crtatmega128.o
 .text          0x0000000000000000        0x0 8t7seg/8t7seg.o
 .data          0x0000000000000000        0x0 8t7seg/8t7seg.o
 .bss           0x0000000000000000        0x0 8t7seg/8t7seg.o
 .text          0x0000000000000000        0x0 ADCLaser/ADCLaserIO.o
 .data          0x0000000000000000        0x0 ADCLaser/ADCLaserIO.o
 .bss           0x0000000000000000        0x0 ADCLaser/ADCLaserIO.o
 .text          0x0000000000000000        0x0 Buzzert/Buzzert.o
 .data          0x0000000000000000        0x0 Buzzert/Buzzert.o
 .bss           0x0000000000000000        0x0 Buzzert/Buzzert.o
 .text          0x0000000000000000        0x0 Keypad/Keypad.o
 .data          0x0000000000000000        0x0 Keypad/Keypad.o
 .bss           0x0000000000000000        0x0 Keypad/Keypad.o
 .text          0x0000000000000000        0x0 LCD/LCD.o
 .data          0x0000000000000000        0x0 LCD/LCD.o
 .bss           0x0000000000000000        0x0 LCD/LCD.o
 .text          0x0000000000000000        0x0 main.o
 .data          0x0000000000000000        0x0 main.o
 .bss           0x0000000000000000        0x0 main.o
 .text          0x0000000000000000        0x0 SPI/SPI.o
 .data          0x0000000000000000        0x0 SPI/SPI.o
 .bss           0x0000000000000000        0x0 SPI/SPI.o
 .text.spi_writeRead
                0x0000000000000000        0xa SPI/SPI.o
 .text          0x0000000000000000        0x0 Timer/Timer.o
 .data          0x0000000000000000        0x0 Timer/Timer.o
 .bss           0x0000000000000000        0x0 Timer/Timer.o
 .text          0x0000000000000000        0x0 waiting.o
 .data          0x0000000000000000        0x0 waiting.o
 .bss           0x0000000000000000        0x0 waiting.o
 .text          0x0000000000000000        0x0 c:/program files/microchip/xc8/v2.31/avr/bin/../lib/gcc/avr/5.4.0/avr51/memx-const\libgcc.a(_udivmodhi4.o)
 .data          0x0000000000000000        0x0 c:/program files/microchip/xc8/v2.31/avr/bin/../lib/gcc/avr/5.4.0/avr51/memx-const\libgcc.a(_udivmodhi4.o)
 .bss           0x0000000000000000        0x0 c:/program files/microchip/xc8/v2.31/avr/bin/../lib/gcc/avr/5.4.0/avr51/memx-const\libgcc.a(_udivmodhi4.o)
 .text.libgcc.mul
                0x0000000000000000        0x0 c:/program files/microchip/xc8/v2.31/avr/bin/../lib/gcc/avr/5.4.0/avr51/memx-const\libgcc.a(_udivmodhi4.o)
 .text.libgcc   0x0000000000000000        0x0 c:/program files/microchip/xc8/v2.31/avr/bin/../lib/gcc/avr/5.4.0/avr51/memx-const\libgcc.a(_udivmodhi4.o)
 .text.libgcc.prologue
                0x0000000000000000        0x0 c:/program files/microchip/xc8/v2.31/avr/bin/../lib/gcc/avr/5.4.0/avr51/memx-const\libgcc.a(_udivmodhi4.o)
 .text.libgcc.builtins
                0x0000000000000000        0x0 c:/program files/microchip/xc8/v2.31/avr/bin/../lib/gcc/avr/5.4.0/avr51/memx-const\libgcc.a(_udivmodhi4.o)
 .text.libgcc.fmul
                0x0000000000000000        0x0 c:/program files/microchip/xc8/v2.31/avr/bin/../lib/gcc/avr/5.4.0/avr51/memx-const\libgcc.a(_udivmodhi4.o)
 .text.libgcc.fixed
                0x0000000000000000        0x0 c:/program files/microchip/xc8/v2.31/avr/bin/../lib/gcc/avr/5.4.0/avr51/memx-const\libgcc.a(_udivmodhi4.o)
 .text          0x0000000000000000        0x0 c:/program files/microchip/xc8/v2.31/avr/bin/../lib/gcc/avr/5.4.0/avr51/memx-const\libgcc.a(_exit.o)
 .data          0x0000000000000000        0x0 c:/program files/microchip/xc8/v2.31/avr/bin/../lib/gcc/avr/5.4.0/avr51/memx-const\libgcc.a(_exit.o)
 .bss           0x0000000000000000        0x0 c:/program files/microchip/xc8/v2.31/avr/bin/../lib/gcc/avr/5.4.0/avr51/memx-const\libgcc.a(_exit.o)
 .text.libgcc.mul
                0x0000000000000000        0x0 c:/program files/microchip/xc8/v2.31/avr/bin/../lib/gcc/avr/5.4.0/avr51/memx-const\libgcc.a(_exit.o)
 .text.libgcc.div
                0x0000000000000000        0x0 c:/program files/microchip/xc8/v2.31/avr/bin/../lib/gcc/avr/5.4.0/avr51/memx-const\libgcc.a(_exit.o)
 .text.libgcc   0x0000000000000000        0x0 c:/program files/microchip/xc8/v2.31/avr/bin/../lib/gcc/avr/5.4.0/avr51/memx-const\libgcc.a(_exit.o)
 .text.libgcc.prologue
                0x0000000000000000        0x0 c:/program files/microchip/xc8/v2.31/avr/bin/../lib/gcc/avr/5.4.0/avr51/memx-const\libgcc.a(_exit.o)
 .text.libgcc.builtins
                0x0000000000000000        0x0 c:/program files/microchip/xc8/v2.31/avr/bin/../lib/gcc/avr/5.4.0/avr51/memx-const\libgcc.a(_exit.o)
 .text.libgcc.fmul
                0x0000000000000000        0x0 c:/program files/microchip/xc8/v2.31/avr/bin/../lib/gcc/avr/5.4.0/avr51/memx-const\libgcc.a(_exit.o)
 .text.libgcc.fixed
                0x0000000000000000        0x0 c:/program files/microchip/xc8/v2.31/avr/bin/../lib/gcc/avr/5.4.0/avr51/memx-const\libgcc.a(_exit.o)
 .text          0x0000000000000000        0x0 c:/program files/microchip/xc8/v2.31/avr/bin/../lib/gcc/avr/5.4.0/avr51/memx-const\libgcc.a(_copy_data.o)
 .data          0x0000000000000000        0x0 c:/program files/microchip/xc8/v2.31/avr/bin/../lib/gcc/avr/5.4.0/avr51/memx-const\libgcc.a(_copy_data.o)
 .bss           0x0000000000000000        0x0 c:/program files/microchip/xc8/v2.31/avr/bin/../lib/gcc/avr/5.4.0/avr51/memx-const\libgcc.a(_copy_data.o)
 .text.libgcc.mul
                0x0000000000000000        0x0 c:/program files/microchip/xc8/v2.31/avr/bin/../lib/gcc/avr/5.4.0/avr51/memx-const\libgcc.a(_copy_data.o)
 .text.libgcc.div
                0x0000000000000000        0x0 c:/program files/microchip/xc8/v2.31/avr/bin/../lib/gcc/avr/5.4.0/avr51/memx-const\libgcc.a(_copy_data.o)
 .text.libgcc   0x0000000000000000        0x0 c:/program files/microchip/xc8/v2.31/avr/bin/../lib/gcc/avr/5.4.0/avr51/memx-const\libgcc.a(_copy_data.o)
 .text.libgcc.prologue
                0x0000000000000000        0x0 c:/program files/microchip/xc8/v2.31/avr/bin/../lib/gcc/avr/5.4.0/avr51/memx-const\libgcc.a(_copy_data.o)
 .text.libgcc.builtins
                0x0000000000000000        0x0 c:/program files/microchip/xc8/v2.31/avr/bin/../lib/gcc/avr/5.4.0/avr51/memx-const\libgcc.a(_copy_data.o)
 .text.libgcc.fmul
                0x0000000000000000        0x0 c:/program files/microchip/xc8/v2.31/avr/bin/../lib/gcc/avr/5.4.0/avr51/memx-const\libgcc.a(_copy_data.o)
 .text.libgcc.fixed
                0x0000000000000000        0x0 c:/program files/microchip/xc8/v2.31/avr/bin/../lib/gcc/avr/5.4.0/avr51/memx-const\libgcc.a(_copy_data.o)
 .text          0x0000000000000000        0x0 c:/program files/microchip/xc8/v2.31/avr/bin/../lib/gcc/avr/5.4.0/avr51/memx-const\libgcc.a(_xload_2.o)
 .data          0x0000000000000000        0x0 c:/program files/microchip/xc8/v2.31/avr/bin/../lib/gcc/avr/5.4.0/avr51/memx-const\libgcc.a(_xload_2.o)
 .bss           0x0000000000000000        0x0 c:/program files/microchip/xc8/v2.31/avr/bin/../lib/gcc/avr/5.4.0/avr51/memx-const\libgcc.a(_xload_2.o)
 .text.libgcc.mul
                0x0000000000000000        0x0 c:/program files/microchip/xc8/v2.31/avr/bin/../lib/gcc/avr/5.4.0/avr51/memx-const\libgcc.a(_xload_2.o)
 .text.libgcc.div
                0x0000000000000000        0x0 c:/program files/microchip/xc8/v2.31/avr/bin/../lib/gcc/avr/5.4.0/avr51/memx-const\libgcc.a(_xload_2.o)
 .text.libgcc.prologue
                0x0000000000000000        0x0 c:/program files/microchip/xc8/v2.31/avr/bin/../lib/gcc/avr/5.4.0/avr51/memx-const\libgcc.a(_xload_2.o)
 .text.libgcc.builtins
                0x0000000000000000        0x0 c:/program files/microchip/xc8/v2.31/avr/bin/../lib/gcc/avr/5.4.0/avr51/memx-const\libgcc.a(_xload_2.o)
 .text.libgcc.fmul
                0x0000000000000000        0x0 c:/program files/microchip/xc8/v2.31/avr/bin/../lib/gcc/avr/5.4.0/avr51/memx-const\libgcc.a(_xload_2.o)
 .text.libgcc.fixed
                0x0000000000000000        0x0 c:/program files/microchip/xc8/v2.31/avr/bin/../lib/gcc/avr/5.4.0/avr51/memx-const\libgcc.a(_xload_2.o)
 .text          0x0000000000000000        0x0 c:/program files/microchip/xc8/v2.31/avr/bin/../lib/gcc/avr/5.4.0/avr51/memx-const\libgcc.a(_movmemx.o)
 .data          0x0000000000000000        0x0 c:/program files/microchip/xc8/v2.31/avr/bin/../lib/gcc/avr/5.4.0/avr51/memx-const\libgcc.a(_movmemx.o)
 .bss           0x0000000000000000        0x0 c:/program files/microchip/xc8/v2.31/avr/bin/../lib/gcc/avr/5.4.0/avr51/memx-const\libgcc.a(_movmemx.o)
 .text.libgcc.mul
                0x0000000000000000        0x0 c:/program files/microchip/xc8/v2.31/avr/bin/../lib/gcc/avr/5.4.0/avr51/memx-const\libgcc.a(_movmemx.o)
 .text.libgcc.div
                0x0000000000000000        0x0 c:/program files/microchip/xc8/v2.31/avr/bin/../lib/gcc/avr/5.4.0/avr51/memx-const\libgcc.a(_movmemx.o)
 .text.libgcc.prologue
                0x0000000000000000        0x0 c:/program files/microchip/xc8/v2.31/avr/bin/../lib/gcc/avr/5.4.0/avr51/memx-const\libgcc.a(_movmemx.o)
 .text.libgcc.builtins
                0x0000000000000000        0x0 c:/program files/microchip/xc8/v2.31/avr/bin/../lib/gcc/avr/5.4.0/avr51/memx-const\libgcc.a(_movmemx.o)
 .text.libgcc.fmul
                0x0000000000000000        0x0 c:/program files/microchip/xc8/v2.31/avr/bin/../lib/gcc/avr/5.4.0/avr51/memx-const\libgcc.a(_movmemx.o)
 .text.libgcc.fixed
                0x0000000000000000        0x0 c:/program files/microchip/xc8/v2.31/avr/bin/../lib/gcc/avr/5.4.0/avr51/memx-const\libgcc.a(_movmemx.o)

Memory Configuration

Name             Origin             Length             Attributes
text             0x0000000000000000 0x0000000000020000 xr
data             0x0000000000800100 0x0000000000001000 rw !x
eeprom           0x0000000000810000 0x0000000000001000 rw !x
fuse             0x0000000000820000 0x0000000000000003 rw !x
lock             0x0000000000830000 0x0000000000000400 rw !x
signature        0x0000000000840000 0x0000000000000400 rw !x
user_signatures  0x0000000000850000 0x0000000000000400 rw !x
*default*        0x0000000000000000 0xffffffffffffffff

Linker script and memory map

Address of section .data set to 0x800100
LOAD C:/Program Files (x86)/Atmel/Studio/7.0/Packs/atmel/ATmega_DFP/1.6.364/xc8/avr/lib/avr51/memx-const/crtatmega128.o
LOAD 8t7seg/8t7seg.o
LOAD ADCLaser/ADCLaserIO.o
LOAD Buzzert/Buzzert.o
LOAD Keypad/Keypad.o
LOAD LCD/LCD.o
LOAD main.o
LOAD SPI/SPI.o
LOAD Timer/Timer.o
LOAD waiting.o
START GROUP
LOAD c:/program files/microchip/xc8/v2.31/avr/bin/../lib/gcc/avr/5.4.0/../../../../avr/lib/avr51/memx-const\libm.a
END GROUP
START GROUP
LOAD c:/program files/microchip/xc8/v2.31/avr/bin/../lib/gcc/avr/5.4.0/avr51/memx-const\libgcc.a
LOAD c:/program files/microchip/xc8/v2.31/avr/bin/../lib/gcc/avr/5.4.0/../../../../avr/lib/avr51/memx-const\libm.a
LOAD c:/program files/microchip/xc8/v2.31/avr/bin/../lib/gcc/avr/5.4.0/../../../../avr/lib/avr51/memx-const\libc.a
LOAD C:/Program Files (x86)/Atmel/Studio/7.0/Packs/atmel/ATmega_DFP/1.6.364/xc8/avr/lib/avr51/memx-const\libatmega128.a
END GROUP
                0x0000000000000000                __TEXT_REGION_ORIGIN__ = DEFINED (__TEXT_REGION_ORIGIN__)?__TEXT_REGION_ORIGIN__:0x0
                [0x0000000000800100]                __DATA_REGION_ORIGIN__ = DEFINED (__DATA_REGION_ORIGIN__)?__DATA_REGION_ORIGIN__:0x800100
                [0x0000000000020000]                __TEXT_REGION_LENGTH__ = DEFINED (__TEXT_REGION_LENGTH__)?__TEXT_REGION_LENGTH__:0x20000
                [0x0000000000001000]                __DATA_REGION_LENGTH__ = DEFINED (__DATA_REGION_LENGTH__)?__DATA_REGION_LENGTH__:0xff00
                [0x0000000000001000]                __EEPROM_REGION_LENGTH__ = DEFINED (__EEPROM_REGION_LENGTH__)?__EEPROM_REGION_LENGTH__:0x10000
                [0x0000000000000003]                __FUSE_REGION_LENGTH__ = DEFINED (__FUSE_REGION_LENGTH__)?__FUSE_REGION_LENGTH__:0x400
                0x0000000000000400                __LOCK_REGION_LENGTH__ = DEFINED (__LOCK_REGION_LENGTH__)?__LOCK_REGION_LENGTH__:0x400
                0x0000000000000400                __SIGNATURE_REGION_LENGTH__ = DEFINED (__SIGNATURE_REGION_LENGTH__)?__SIGNATURE_REGION_LENGTH__:0x400
                0x0000000000000400                __USER_SIGNATURE_REGION_LENGTH__ = DEFINED (__USER_SIGNATURE_REGION_LENGTH__)?__USER_SIGNATURE_REGION_LENGTH__:0x400

.hash
 *(.hash)

.dynsym
 *(.dynsym)

.dynstr
 *(.dynstr)

.gnu.version
 *(.gnu.version)

.gnu.version_d
 *(.gnu.version_d)

.gnu.version_r
 *(.gnu.version_r)

.rel.init
 *(.rel.init)

.rela.init
 *(.rela.init)

.rel.text
 *(.rel.text)
 *(.rel.text.*)
 *(.rel.gnu.linkonce.t*)

.rela.text
 *(.rela.text)
 *(.rela.text.*)
 *(.rela.gnu.linkonce.t*)

.rel.fini
 *(.rel.fini)

.rela.fini
 *(.rela.fini)

.rel.rodata
 *(.rel.rodata)
 *(.rel.rodata.*)
 *(.rel.gnu.linkonce.r*)

.rela.rodata
 *(.rela.rodata)
 *(.rela.rodata.*)
 *(.rela.gnu.linkonce.r*)

.rel.data
 *(.rel.data)
 *(.rel.data.*)
 *(.rel.gnu.linkonce.d*)

.rela.data
 *(.rela.data)
 *(.rela.data.*)
 *(.rela.gnu.linkonce.d*)

.rel.ctors
 *(.rel.ctors)

.rela.ctors
 *(.rela.ctors)

.rel.dtors
 *(.rel.dtors)

.rela.dtors
 *(.rela.dtors)

.rel.got
 *(.rel.got)

.rela.got
 *(.rela.got)

.rel.bss
 *(.rel.bss)

.rela.bss
 *(.rela.bss)

.rel.plt
 *(.rel.plt)

.rela.plt
 *(.rela.plt)

.text           0x0000000000000000      0x102
 *(.vectors)
 .vectors       0x0000000000000000       0x8c C:/Program Files (x86)/Atmel/Studio/7.0/Packs/atmel/ATmega_DFP/1.6.364/xc8/avr/lib/avr51/memx-const/crtatmega128.o
                0x0000000000000000                __vector_default
                0x0000000000000000                __vectors
 *(.vectors)
 *(.progmem.gcc*)
 *(.dinit)
 .dinit         0x000000000000008c       0x1d data_init
                0x00000000000000aa                . = ALIGN (0x2)
 *fill*         0x00000000000000a9        0x1 
                0x00000000000000aa                __trampolines_start = .
 *(.trampolines)
 .trampolines   0x00000000000000aa        0x0 linker stubs
 *(.trampolines*)
                0x00000000000000aa                __trampolines_end = .
 *libprintf_flt.a:*(.progmem.data)
 *libc.a:*(.progmem.data)
                0x00000000000000aa                . = ALIGN (0x2)
 *(.jumptables)
 *(.jumptables*)
 *(.lowtext)
 *(.lowtext*)
                0x00000000000000aa                __ctors_start = .
 *(.ctors)
                0x00000000000000aa                __ctors_end = .
                0x00000000000000aa                __dtors_start = .
 *(.dtors)
                0x00000000000000aa                __dtors_end = .
 SORT(*)(.ctors)
 SORT(*)(.dtors)
 *(.init0)
 .init0         0x00000000000000aa        0x0 C:/Program Files (x86)/Atmel/Studio/7.0/Packs/atmel/ATmega_DFP/1.6.364/xc8/avr/lib/avr51/memx-const/crtatmega128.o
                0x00000000000000aa                __init
 *(.init0)
 *(.init1)
 *(.init1)
 *(.init2)
 .init2         0x00000000000000aa        0xc C:/Program Files (x86)/Atmel/Studio/7.0/Packs/atmel/ATmega_DFP/1.6.364/xc8/avr/lib/avr51/memx-const/crtatmega128.o
 *(.init2)
 *(.init3)
 *(.init3)
 *(.init4)
 .init4         0x00000000000000b6       0x40 c:/program files/microchip/xc8/v2.31/avr/bin/../lib/gcc/avr/5.4.0/avr51/memx-const\libgcc.a(_copy_data.o)
                0x00000000000000b6                __do_copy_data
                0x00000000000000e8                __do_clear_bss
 *(.init4)
 *(.init5)
 *(.init5)
 *(.init6)
 *(.init6)
 *(.init7)
 *(.init7)
 *(.init8)
 *(.init8)
 *(.init9)
 .init9         0x00000000000000f6        0x8 C:/Program Files (x86)/Atmel/Studio/7.0/Packs/atmel/ATmega_DFP/1.6.364/xc8/avr/lib/avr51/memx-const/crtatmega128.o
 *(.init9)
                0x00000000000000fe                . = ALIGN (0x2)
 *(.fini9)
 .fini9         0x00000000000000fe        0x0 c:/program files/microchip/xc8/v2.31/avr/bin/../lib/gcc/avr/5.4.0/avr51/memx-const\libgcc.a(_exit.o)
                0x00000000000000fe                _exit
                0x00000000000000fe                exit
 *(.fini9)
 *(.fini8)
 *(.fini8)
 *(.fini7)
 *(.fini7)
 *(.fini6)
 *(.fini6)
 *(.fini5)
 *(.fini5)
 *(.fini4)
 *(.fini4)
 *(.fini3)
 *(.fini3)
 *(.fini2)
 *(.fini2)
 *(.fini1)
 *(.fini1)
 *(.fini0)
 .fini0         0x00000000000000fe        0x4 c:/program files/microchip/xc8/v2.31/avr/bin/../lib/gcc/avr/5.4.0/avr51/memx-const\libgcc.a(_exit.o)
 *(.fini0)
                0x0000000000000102                _etext = .

.data           0x0000000000800100        0x0 load address 0x0000000000000102
                [!provide]                        PROVIDE (__data_start, .)
 *(.gnu.linkonce.d*)
 *(.gnu.linkonce.r*)
                0x0000000000800100                . = ALIGN (0x2)
                0x0000000000800100                _edata = .
                [!provide]                        PROVIDE (__data_end, .)

.bss            0x0000000000800100        0x2
                [!provide]                        PROVIDE (__bss_start, .)
 *(COMMON)
 COMMON         0x0000000000800100        0x2 Timer/Timer.o
                0x0000000000800100                msCount
                [!provide]                        PROVIDE (__bss_end, .)
                0x0000000000000102                __data_load_start = LOADADDR (.data)
                0x0000000000000102                __data_load_end = (__data_load_start + SIZEOF (.data))

.noinit         0x0000000000800102        0x0
                [!provide]                        PROVIDE (__noinit_start, .)
 *(.noinit*)
                [!provide]                        PROVIDE (__noinit_end, .)
                0x0000000000800102                _end = .

.eeprom         0x0000000000810000        0x0
 *(.eeprom*)
                0x0000000000810000                __eeprom_end = .

.fuse
 *(.fuse)
 *(.lfuse)
 *(.hfuse)
 *(.efuse)

.lock
 *(.lock*)

.signature
 *(.signature*)

.user_signatures
 *(.user_signatures*)

.stab
 *(.stab)

.stabstr
 *(.stabstr)

.stab.excl
 *(.stab.excl)

.stab.exclstr
 *(.stab.exclstr)

.stab.index
 *(.stab.index)

.stab.indexstr
 *(.stab.indexstr)

.comment        0x0000000000000000       0x2f
 *(.comment)
 .comment       0x0000000000000000       0x2f 8t7seg/8t7seg.o
                                         0x30 (size before relaxing)
 .comment       0x000000000000002f       0x30 ADCLaser/ADCLaserIO.o
 .comment       0x000000000000002f       0x30 Buzzert/Buzzert.o
 .comment       0x000000000000002f       0x30 Keypad/Keypad.o
 .comment       0x000000000000002f       0x30 LCD/LCD.o
 .comment       0x000000000000002f       0x30 main.o
 .comment       0x000000000000002f       0x30 SPI/SPI.o
 .comment       0x000000000000002f       0x30 Timer/Timer.o
 .comment       0x000000000000002f       0x30 waiting.o

.note.gnu.build-id
 *(.note.gnu.build-id)

.debug
 *(.debug)

.line
 *(.line)

.debug_srcinfo
 *(.debug_srcinfo)

.debug_sfnames
 *(.debug_sfnames)

.debug_aranges  0x0000000000000000      0x230
 *(.debug_aranges)
 .debug_aranges
                0x0000000000000000       0x48 8t7seg/8t7seg.o
 .debug_aranges
                0x0000000000000048       0x48 ADCLaser/ADCLaserIO.o
 .debug_aranges
                0x0000000000000090       0x30 Buzzert/Buzzert.o
 .debug_aranges
                0x00000000000000c0       0x40 Keypad/Keypad.o
 .debug_aranges
                0x0000000000000100       0x50 LCD/LCD.o
 .debug_aranges
                0x0000000000000150       0x50 main.o
 .debug_aranges
                0x00000000000001a0       0x40 SPI/SPI.o
 .debug_aranges
                0x00000000000001e0       0x30 Timer/Timer.o
 .debug_aranges
                0x0000000000000210       0x20 waiting.o

.debug_pubnames
 *(.debug_pubnames)

.debug_info     0x0000000000000000     0x2eee
 *(.debug_info .gnu.linkonce.wi.*)
 .debug_info    0x0000000000000000      0x780 C:/Program Files (x86)/Atmel/Studio/7.0/Packs/atmel/ATmega_DFP/1.6.364/xc8/avr/lib/avr51/memx-const/crtatmega128.o
 .debug_info    0x0000000000000780      0x61a 8t7seg/8t7seg.o
 .debug_info    0x0000000000000d9a      0x3d2 ADCLaser/ADCLaserIO.o
 .debug_info    0x000000000000116c      0x2b0 Buzzert/Buzzert.o
 .debug_info    0x000000000000141c      0x553 Keypad/Keypad.o
 .debug_info    0x000000000000196f      0x542 LCD/LCD.o
 .debug_info    0x0000000000001eb1      0x65d main.o
 .debug_info    0x000000000000250e      0x334 SPI/SPI.o
 .debug_info    0x0000000000002842      0x385 Timer/Timer.o
 .debug_info    0x0000000000002bc7      0x327 waiting.o

.debug_abbrev   0x0000000000000000      0xf79
 *(.debug_abbrev)
 .debug_abbrev  0x0000000000000000      0x718 C:/Program Files (x86)/Atmel/Studio/7.0/Packs/atmel/ATmega_DFP/1.6.364/xc8/avr/lib/avr51/memx-const/crtatmega128.o
 .debug_abbrev  0x0000000000000718       0xe0 8t7seg/8t7seg.o
 .debug_abbrev  0x00000000000007f8      0x12b ADCLaser/ADCLaserIO.o
 .debug_abbrev  0x0000000000000923       0x44 Buzzert/Buzzert.o
 .debug_abbrev  0x0000000000000967      0x14b Keypad/Keypad.o
 .debug_abbrev  0x0000000000000ab2      0x13b LCD/LCD.o
 .debug_abbrev  0x0000000000000bed      0x108 main.o
 .debug_abbrev  0x0000000000000cf5       0xc1 SPI/SPI.o
 .debug_abbrev  0x0000000000000db6       0xf9 Timer/Timer.o
 .debug_abbrev  0x0000000000000eaf       0xca waiting.o

.debug_line     0x0000000000000000     0x103e
 *(.debug_line .debug_line.* .debug_line_end)
 .debug_line    0x0000000000000000      0x16d C:/Program Files (x86)/Atmel/Studio/7.0/Packs/atmel/ATmega_DFP/1.6.364/xc8/avr/lib/avr51/memx-const/crtatmega128.o
 .debug_line    0x000000000000016d      0x231 8t7seg/8t7seg.o
 .debug_line    0x000000000000039e      0x195 ADCLaser/ADCLaserIO.o
 .debug_line    0x0000000000000533       0xc7 Buzzert/Buzzert.o
 .debug_line    0x00000000000005fa      0x240 Keypad/Keypad.o
 .debug_line    0x000000000000083a      0x27e LCD/LCD.o
 .debug_line    0x0000000000000ab8      0x257 main.o
 .debug_line    0x0000000000000d0f      0x111 SPI/SPI.o
 .debug_line    0x0000000000000e20      0x132 Timer/Timer.o
 .debug_line    0x0000000000000f52       0xec waiting.o

.debug_frame    0x0000000000000000      0x4c0
 *(.debug_frame)
 .debug_frame   0x0000000000000000       0xa0 8t7seg/8t7seg.o
 .debug_frame   0x00000000000000a0       0xdc ADCLaser/ADCLaserIO.o
 .debug_frame   0x000000000000017c       0x44 Buzzert/Buzzert.o
 .debug_frame   0x00000000000001c0       0x70 Keypad/Keypad.o
 .debug_frame   0x0000000000000230       0xa8 LCD/LCD.o
 .debug_frame   0x00000000000002d8       0xd4 main.o
 .debug_frame   0x00000000000003ac       0x64 SPI/SPI.o
 .debug_frame   0x0000000000000410       0x8c Timer/Timer.o
 .debug_frame   0x000000000000049c       0x24 waiting.o

.debug_str      0x0000000000000000      0x3f7
 *(.debug_str)
 .debug_str     0x0000000000000000      0x27d C:/Program Files (x86)/Atmel/Studio/7.0/Packs/atmel/ATmega_DFP/1.6.364/xc8/avr/lib/avr51/memx-const/crtatmega128.o
 .debug_str     0x000000000000027d       0x48 8t7seg/8t7seg.o
 .debug_str     0x00000000000002c5        0xd ADCLaser/ADCLaserIO.o
 .debug_str     0x00000000000002d2        0x0 Buzzert/Buzzert.o
 .debug_str     0x00000000000002d2       0x49 Keypad/Keypad.o
 .debug_str     0x000000000000031b        0xd LCD/LCD.o
 .debug_str     0x0000000000000328       0xa9 main.o
 .debug_str     0x00000000000003d1        0xb SPI/SPI.o
 .debug_str     0x00000000000003dc       0x1b Timer/Timer.o
 .debug_str     0x00000000000003f7        0x0 waiting.o

.debug_loc      0x0000000000000000      0x8ca
 *(.debug_loc)
 .debug_loc     0x0000000000000000      0x17d 8t7seg/8t7seg.o
 .debug_loc     0x000000000000017d      0x172 ADCLaser/ADCLaserIO.o
 .debug_loc     0x00000000000002ef      0x120 Keypad/Keypad.o
 .debug_loc     0x000000000000040f      0x1a3 LCD/LCD.o
 .debug_loc     0x00000000000005b2      0x190 main.o
 .debug_loc     0x0000000000000742       0x1e SPI/SPI.o
 .debug_loc     0x0000000000000760      0x100 Timer/Timer.o
 .debug_loc     0x0000000000000860       0x6a waiting.o

.debug_macinfo
 *(.debug_macinfo)

.debug_weaknames
 *(.debug_weaknames)

.debug_funcnames
 *(.debug_funcnames)

.debug_typenames
 *(.debug_typenames)

.debug_varnames
 *(.debug_varnames)

.debug_pubtypes
 *(.debug_pubtypes)

.debug_ranges   0x0000000000000000      0x1a0
 *(.debug_ranges)
 .debug_ranges  0x0000000000000000       0x38 8t7seg/8t7seg.o
 .debug_ranges  0x0000000000000038       0x38 ADCLaser/ADCLaserIO.o
 .debug_ranges  0x0000000000000070       0x20 Buzzert/Buzzert.o
 .debug_ranges  0x0000000000000090       0x30 Keypad/Keypad.o
 .debug_ranges  0x00000000000000c0       0x40 LCD/LCD.o
 .debug_ranges  0x0000000000000100       0x40 main.o
 .debug_ranges  0x0000000000000140       0x30 SPI/SPI.o
 .debug_ranges  0x0000000000000170       0x20 Timer/Timer.o
 .debug_ranges  0x0000000000000190       0x10 waiting.o

.debug_macro
 *(.debug_macro)
OUTPUT(SecuritySystem.elf elf32-avr)
LOAD linker stubs
LOAD data_init

.note.gnu.avr.deviceinfo
                0x0000000000000000       0x3c
 .note.gnu.avr.deviceinfo
                0x0000000000000000       0x3c C:/Program Files (x86)/Atmel/Studio/7.0/Packs/atmel/ATmega_DFP/1.6.364/xc8/avr/lib/avr51/memx-const/crtatmega128.o

.bss.callback   0x000000000080010e        0x2
 .bss.callback  0x000000000080010e        0x2 ADCLaser/ADCLaserIO.o

.bss.locked     0x0000000000800110        0x2
 .bss.locked    0x0000000000800110        0x2 Keypad/Keypad.o

.bss.inputIndex
                0x0000000000800112        0x2
 .bss.inputIndex
                0x0000000000800112        0x2 Keypad/Keypad.o

.bss.currentNumber
                0x0000000000800116        0x2
 .bss.currentNumber
                0x0000000000800116        0x2 Keypad/Keypad.o

.bss.inputcode  0x0000000000800102        0x8
 .bss.inputcode
                0x0000000000800102        0x8 Keypad/Keypad.o

.bss.wrongCode_callback
                0x0000000000800118        0x2
 .bss.wrongCode_callback
                0x0000000000800118        0x2 Keypad/Keypad.o

.bss.unlocked_callback
                0x000000000080011a        0x2
 .bss.unlocked_callback
                0x000000000080011a        0x2 Keypad/Keypad.o

.bss.locked_callback
                0x000000000080011c        0x2
 .bss.locked_callback
                0x000000000080011c        0x2 Keypad/Keypad.o

.bss.alarmCallback
                0x000000000080011e        0x2
 .bss.alarmCallback
                0x000000000080011e        0x2 Timer/Timer.o

.progmemx.data  0x0000000000000102       0x35
 .progmemx.data
                0x0000000000000102       0x35 main.o

.progmemx.data.passcode
                0x0000000000000137        0x8
 .progmemx.data.passcode
                0x0000000000000137        0x8 Keypad/Keypad.o

.text.__vector_9
                0x0000000000000140       0xe4
 .text.__vector_9
                0x0000000000000140       0xe4 Timer/Timer.o
                0x0000000000000140                __vector_9

.text.Keypad_rotate
                0x0000000000000224       0xa0
 .text.Keypad_rotate
                0x0000000000000224       0xa0 Keypad/Keypad.o

.text.__vector_21
                0x00000000000002c4       0x8c
 .text.__vector_21
                0x00000000000002c4       0x8c ADCLaser/ADCLaserIO.o
                0x00000000000002c4                __vector_21

.text.Keypad_unlock
                0x0000000000000350       0x7a
 .text.Keypad_unlock
                0x0000000000000350       0x7a Keypad/Keypad.o

.text.Eight7seg_Init
                0x00000000000003ca       0x5a
 .text.Eight7seg_Init
                0x00000000000003ca       0x5a 8t7seg/8t7seg.o
                0x00000000000003ca                Eight7seg_Init

.text.Keypad_checkKey
                0x0000000000000424       0x58
 .text.Keypad_checkKey
                0x0000000000000424       0x58 Keypad/Keypad.o
                0x0000000000000424                Keypad_checkKey

.text.main_laserCallback
                0x000000000000047c       0x52
 .text.main_laserCallback
                0x000000000000047c       0x52 main.o
                0x000000000000047c                main_laserCallback

.text.main_lcd_locked
                0x00000000000004ce       0x52
 .text.main_lcd_locked
                0x00000000000004ce       0x52 main.o
                0x00000000000004ce                main_lcd_locked

.text.main_lcd_unlocked
                0x0000000000000520       0x4e
 .text.main_lcd_unlocked
                0x0000000000000520       0x4e main.o
                0x0000000000000520                main_lcd_unlocked

.text.ADCLaserIO_start
                0x000000000000056e       0x46
 .text.ADCLaserIO_start
                0x000000000000056e       0x46 ADCLaser/ADCLaserIO.o
                0x000000000000056e                ADCLaserIO_start

.text.main_lcd_wrongCode
                0x00000000000005b4       0x46
 .text.main_lcd_wrongCode
                0x00000000000005b4       0x46 main.o
                0x00000000000005b4                main_lcd_wrongCode

.text.main_alarm
                0x00000000000005fa       0x44
 .text.main_alarm
                0x00000000000005fa       0x44 main.o
                0x00000000000005fa                main_alarm

.text.init_4bits_mode
                0x000000000000063e       0x42
 .text.init_4bits_mode
                0x000000000000063e       0x42 LCD/LCD.o
                0x000000000000063e                init_4bits_mode

.text.Timer_init
                0x0000000000000680       0x3e
 .text.Timer_init
                0x0000000000000680       0x3e Timer/Timer.o
                0x0000000000000680                Timer_init

.text.Eight7seg_blink
                0x00000000000006be       0x3a
 .text.Eight7seg_blink
                0x00000000000006be       0x3a 8t7seg/8t7seg.o
                0x00000000000006be                Eight7seg_blink

.text.main      0x00000000000006f8       0x38
 .text.main     0x00000000000006f8       0x38 main.o
                0x00000000000006f8                main

.text.Eight7seg_writeToDisplay
                0x0000000000000730       0x30
 .text.Eight7seg_writeToDisplay
                0x0000000000000730       0x30 8t7seg/8t7seg.o
                0x0000000000000730                Eight7seg_writeToDisplay

.text.libgcc.div
                0x0000000000000760       0x28
 .text.libgcc.div
                0x0000000000000760       0x28 c:/program files/microchip/xc8/v2.31/avr/bin/../lib/gcc/avr/5.4.0/avr51/memx-const\libgcc.a(_udivmodhi4.o)
                0x0000000000000760                __udivmodhi4

.text.lcd_write_data
                0x0000000000000788       0x24
 .text.lcd_write_data
                0x0000000000000788       0x24 LCD/LCD.o
                0x0000000000000788                lcd_write_data

.text.lcd_write_command
                0x00000000000007ac       0x24
 .text.lcd_write_command
                0x00000000000007ac       0x24 LCD/LCD.o
                0x00000000000007ac                lcd_write_command

.text.Eight7seg_reset
                0x00000000000007d0       0x20
 .text.Eight7seg_reset
                0x00000000000007d0       0x20 8t7seg/8t7seg.o
                0x00000000000007d0                Eight7seg_reset

.text.Keypad_init
                0x00000000000007f0       0x20
 .text.Keypad_init
                0x00000000000007f0       0x20 Keypad/Keypad.o
                0x00000000000007f0                Keypad_init

.text.Keypad_reset
                0x0000000000000810       0x1e
 .text.Keypad_reset
                0x0000000000000810       0x1e Keypad/Keypad.o

.text.lcd_strobe_lcd_e
                0x000000000000082e       0x1e
 .text.lcd_strobe_lcd_e
                0x000000000000082e       0x1e LCD/LCD.o
                0x000000000000082e                lcd_strobe_lcd_e

.text.waitFunction
                0x000000000000084c       0x1e
 .text.waitFunction
                0x000000000000084c       0x1e waiting.o
                0x000000000000084c                waitFunction

.text.lcd_init  0x000000000000086a       0x1c
 .text.lcd_init
                0x000000000000086a       0x1c LCD/LCD.o
                0x000000000000086a                lcd_init

.text.libgcc    0x0000000000000886       0x1c
 .text.libgcc   0x0000000000000886       0x1c c:/program files/microchip/xc8/v2.31/avr/bin/../lib/gcc/avr/5.4.0/avr51/memx-const\libgcc.a(_movmemx.o)
                0x0000000000000886                __movmemx_qi
                0x0000000000000888                __movmemx_hi

.text.Eight7seg_displayOn
                0x00000000000008a2       0x1a
 .text.Eight7seg_displayOn
                0x00000000000008a2       0x1a 8t7seg/8t7seg.o
                0x00000000000008a2                Eight7seg_displayOn

.text.Eight7seg_displayOff
                0x00000000000008bc       0x1a
 .text.Eight7seg_displayOff
                0x00000000000008bc       0x1a 8t7seg/8t7seg.o
                0x00000000000008bc                Eight7seg_displayOff

.text.display_text
                0x00000000000008d6       0x1a
 .text.display_text
                0x00000000000008d6       0x1a LCD/LCD.o
                0x00000000000008d6                display_text

.text.lcd_clear
                0x00000000000008f0       0x1a
 .text.lcd_clear
                0x00000000000008f0       0x1a LCD/LCD.o
                0x00000000000008f0                lcd_clear

.text.spi_slaveSelect
                0x000000000000090a       0x18
 .text.spi_slaveSelect
                0x000000000000090a       0x18 SPI/SPI.o
                0x000000000000090a                spi_slaveSelect

.text.spi_masterInit
                0x0000000000000922       0x16
 .text.spi_masterInit
                0x0000000000000922       0x16 SPI/SPI.o
                0x0000000000000922                spi_masterInit

.text.spi_slaveDeSelect
                0x0000000000000938       0x16
 .text.spi_slaveDeSelect
                0x0000000000000938       0x16 SPI/SPI.o
                0x0000000000000938                spi_slaveDeSelect

.text.__vector_16
                0x000000000000094e       0x14
 .text.__vector_16
                0x000000000000094e       0x14 ADCLaser/ADCLaserIO.o
                0x000000000000094e                __vector_16

.text.Buzzert_init
                0x0000000000000962       0x12
 .text.Buzzert_init
                0x0000000000000962       0x12 Buzzert/Buzzert.o
                0x0000000000000962                Buzzert_init

.text.libgcc    0x0000000000000974       0x12
 .text.libgcc   0x0000000000000974       0x12 c:/program files/microchip/xc8/v2.31/avr/bin/../lib/gcc/avr/5.4.0/avr51/memx-const\libgcc.a(_xload_2.o)
                0x0000000000000974                __xload_2

.text.adc_init  0x0000000000000986        0xe
 .text.adc_init
                0x0000000000000986        0xe ADCLaser/ADCLaserIO.o

.text.ADCLaserIO_stop
                0x0000000000000994        0xc
 .text.ADCLaserIO_stop
                0x0000000000000994        0xc ADCLaser/ADCLaserIO.o
                0x0000000000000994                ADCLaserIO_stop

.text.Buzzert_start
                0x00000000000009a0        0xa
 .text.Buzzert_start
                0x00000000000009a0        0xa Buzzert/Buzzert.o
                0x00000000000009a0                Buzzert_start

.text.main_start_laser
                0x00000000000009aa        0xa
 .text.main_start_laser
                0x00000000000009aa        0xa main.o
                0x00000000000009aa                main_start_laser

.text.adc_deinit
                0x00000000000009b4        0x8
 .text.adc_deinit
                0x00000000000009b4        0x8 ADCLaser/ADCLaserIO.o

.text.spi_write
                0x00000000000009bc        0x8
 .text.spi_write
                0x00000000000009bc        0x8 SPI/SPI.o
                0x00000000000009bc                spi_write

.text.Timer_deInit
                0x00000000000009c4        0x8
 .text.Timer_deInit
                0x00000000000009c4        0x8 Timer/Timer.o
                0x00000000000009c4                Timer_deInit

.text.Buzzert_stop
                0x00000000000009cc        0x6
 .text.Buzzert_stop
                0x00000000000009cc        0x6 Buzzert/Buzzert.o
                0x00000000000009cc                Buzzert_stop

.text           0x00000000000009d2        0x4
 .text          0x00000000000009d2        0x4 C:/Program Files (x86)/Atmel/Studio/7.0/Packs/atmel/ATmega_DFP/1.6.364/xc8/avr/lib/avr51/memx-const/crtatmega128.o
                0x00000000000009d2                __vector_22
                0x00000000000009d2                __vector_28
                0x00000000000009d2                __vector_1
                0x00000000000009d2                __vector_32
                0x00000000000009d2                __vector_34
                0x00000000000009d2                __vector_24
                0x00000000000009d2                __vector_12
                0x00000000000009d2                __bad_interrupt
                0x00000000000009d2                __vector_6
                0x00000000000009d2                __vector_31
                0x00000000000009d2                __vector_3
                0x00000000000009d2                __vector_23
                0x00000000000009d2                __vector_30
                0x00000000000009d2                __vector_25
                0x00000000000009d2                __vector_11
                0x00000000000009d2                __vector_13
                0x00000000000009d2                __vector_17
                0x00000000000009d2                __vector_19
                0x00000000000009d2                __vector_7
                0x00000000000009d2                __vector_27
                0x00000000000009d2                __vector_5
                0x00000000000009d2                __vector_33
                0x00000000000009d2                __vector_4
                0x00000000000009d2                __vector_2
                0x00000000000009d2                __vector_15
                0x00000000000009d2                __vector_29
                0x00000000000009d2                __vector_8
                0x00000000000009d2                __vector_26
                0x00000000000009d2                __vector_14
                0x00000000000009d2                __vector_10
                0x00000000000009d2                __vector_18
                0x00000000000009d2                __vector_20

.data.remainingTime
                0x000000000080010a        0x4 load address 0x00000000000009d6
 .data.remainingTime
                0x000000000080010a        0x4 Timer/Timer.o
                0x000000000080010a                remainingTime

.data.side      0x0000000000800114        0x2 load address 0x00000000000009da
 .data.side     0x0000000000800114        0x2 Keypad/Keypad.o
